C:\AchadinhoBot2\AchadinhosBot2\AchadinhosBot.Next\AchadinhosBot.Next.csproj : warning NU1903: O pacote 'SixLabors.ImageSharp' 3.1.5 tem uma alta vulnerabilidade de gravidade conhecida, https://github.com/advisories/GHSA-2cmq-823j-5qj8 [C:\AchadinhoBot2\AchadinhosBot2\AchadinhosBot2.sln]
C:\AchadinhoBot2\AchadinhosBot2\AchadinhosBot.Tests\AchadinhosBot.Tests.csproj : warning NU1900: Ocorreu um erro ao obter os dados de vulnerabilidade do pacote: N├úo ├® poss├¡vel carregar o ├¡ndice de servi├ºo para a origem https://api.nuget.org/v3/index.json. [C:\AchadinhoBot2\AchadinhosBot2\AchadinhosBot2.sln]
C:\AchadinhoBot2\AchadinhosBot2\AchadinhosBot.Next.Tests\AchadinhosBot.Next.Tests.csproj : warning NU1900: Ocorreu um erro ao obter os dados de vulnerabilidade do pacote: N├úo ├® poss├¡vel carregar o ├¡ndice de servi├ºo para a origem https://api.nuget.org/v3/index.json. [C:\AchadinhoBot2\AchadinhosBot2\AchadinhosBot2.sln]
C:\AchadinhoBot2\AchadinhosBot2\AchadinhosBot.Next\AchadinhosBot.Next.csproj : warning NU1902: O pacote 'SixLabors.ImageSharp' 3.1.5 tem uma moderado vulnerabilidade de gravidade conhecida, https://github.com/advisories/GHSA-rxmq-m78w-7wmc [C:\AchadinhoBot2\AchadinhosBot2\AchadinhosBot2.sln]
C:\AchadinhoBot2\AchadinhosBot2\AchadinhosBot.Next.Tests\AchadinhosBot.Next.Tests.csproj : warning NU1900: Ocorreu um erro ao obter os dados de vulnerabilidade do pacote: N├úo ├® poss├¡vel carregar o ├¡ndice de servi├ºo para a origem https://api.nuget.org/v3/index.json.
C:\AchadinhoBot2\AchadinhosBot2\AchadinhosBot.Tests\AchadinhosBot.Tests.csproj : warning NU1900: Ocorreu um erro ao obter os dados de vulnerabilidade do pacote: N├úo ├® poss├¡vel carregar o ├¡ndice de servi├ºo para a origem https://api.nuget.org/v3/index.json.
C:\AchadinhoBot2\AchadinhosBot2\AchadinhosBot.Next\AchadinhosBot.Next.csproj : warning NU1903: O pacote 'SixLabors.ImageSharp' 3.1.5 tem uma alta vulnerabilidade de gravidade conhecida, https://github.com/advisories/GHSA-2cmq-823j-5qj8
C:\AchadinhoBot2\AchadinhosBot2\AchadinhosBot.Next\AchadinhosBot.Next.csproj : warning NU1902: O pacote 'SixLabors.ImageSharp' 3.1.5 tem uma moderado vulnerabilidade de gravidade conhecida, https://github.com/advisories/GHSA-rxmq-m78w-7wmc
C:\AchadinhoBot2\AchadinhosBot2\AchadinhosBot.Next\Program.cs(10928,27): error CS9005: A interpola├º├úo deve terminar com o mesmo n├║mero de chaves de fechamento que o n├║mero de caracteres ÔÇ£$ÔÇØ com o qual a literal da cadeia de caracteres bruta come├ºou. [C:\AchadinhoBot2\AchadinhosBot2\AchadinhosBot.Next\AchadinhosBot.Next.csproj]
C:\AchadinhoBot2\AchadinhosBot2\AchadinhosBot.Next\Program.cs(10928,29): error CS1525: Termo de express├úo inv├ílido "" [C:\AchadinhoBot2\AchadinhosBot2\AchadinhosBot.Next\AchadinhosBot.Next.csproj]
C:\AchadinhoBot2\AchadinhosBot2\AchadinhosBot.Next\Program.cs(10928,27): error CS1073: Token inesperado '\' [C:\AchadinhoBot2\AchadinhosBot2\AchadinhosBot.Next\AchadinhosBot.Next.csproj]
C:\AchadinhoBot2\AchadinhosBot2\AchadinhosBot.Next\Program.cs(10928,29): error CS1056: Caractere inesperado '\' [C:\AchadinhoBot2\AchadinhosBot2\AchadinhosBot.Next\AchadinhosBot.Next.csproj]
C:\AchadinhoBot2\AchadinhosBot2\AchadinhosBot.Next\Program.cs(11182,1): error CS1002: ; esperado [C:\AchadinhoBot2\AchadinhosBot2\AchadinhosBot.Next\AchadinhosBot.Next.csproj]
C:\AchadinhoBot2\AchadinhosBot2\AchadinhosBot.Next\Program.cs(11182,1): error CS1513: } esperada [C:\AchadinhoBot2\AchadinhosBot2\AchadinhosBot.Next\AchadinhosBot.Next.csproj]

FALHA da compila├º├úo.

C:\AchadinhoBot2\AchadinhosBot2\AchadinhosBot.Next\AchadinhosBot.Next.csproj : warning NU1903: O pacote 'SixLabors.ImageSharp' 3.1.5 tem uma alta vulnerabilidade de gravidade conhecida, https://github.com/advisories/GHSA-2cmq-823j-5qj8 [C:\AchadinhoBot2\AchadinhosBot2\AchadinhosBot2.sln]
C:\AchadinhoBot2\AchadinhosBot2\AchadinhosBot.Tests\AchadinhosBot.Tests.csproj : warning NU1900: Ocorreu um erro ao obter os dados de vulnerabilidade do pacote: N├úo ├® poss├¡vel carregar o ├¡ndice de servi├ºo para a origem https://api.nuget.org/v3/index.json. [C:\AchadinhoBot2\AchadinhosBot2\AchadinhosBot2.sln]
C:\AchadinhoBot2\AchadinhosBot2\AchadinhosBot.Next.Tests\AchadinhosBot.Next.Tests.csproj : warning NU1900: Ocorreu um erro ao obter os dados de vulnerabilidade do pacote: N├úo ├® poss├¡vel carregar o ├¡ndice de servi├ºo para a origem https://api.nuget.org/v3/index.json. [C:\AchadinhoBot2\AchadinhosBot2\AchadinhosBot2.sln]
C:\AchadinhoBot2\AchadinhosBot2\AchadinhosBot.Next\AchadinhosBot.Next.csproj : warning NU1902: O pacote 'SixLabors.ImageSharp' 3.1.5 tem uma moderado vulnerabilidade de gravidade conhecida, https://github.com/advisories/GHSA-rxmq-m78w-7wmc [C:\AchadinhoBot2\AchadinhosBot2\AchadinhosBot2.sln]
C:\AchadinhoBot2\AchadinhosBot2\AchadinhosBot.Next.Tests\AchadinhosBot.Next.Tests.csproj : warning NU1900: Ocorreu um erro ao obter os dados de vulnerabilidade do pacote: N├úo ├® poss├¡vel carregar o ├¡ndice de servi├ºo para a origem https://api.nuget.org/v3/index.json.
C:\AchadinhoBot2\AchadinhosBot2\AchadinhosBot.Tests\AchadinhosBot.Tests.csproj : warning NU1900: Ocorreu um erro ao obter os dados de vulnerabilidade do pacote: N├úo ├® poss├¡vel carregar o ├¡ndice de servi├ºo para a origem https://api.nuget.org/v3/index.json.
C:\AchadinhoBot2\AchadinhosBot2\AchadinhosBot.Next\AchadinhosBot.Next.csproj : warning NU1903: O pacote 'SixLabors.ImageSharp' 3.1.5 tem uma alta vulnerabilidade de gravidade conhecida, https://github.com/advisories/GHSA-2cmq-823j-5qj8
C:\AchadinhoBot2\AchadinhosBot2\AchadinhosBot.Next\AchadinhosBot.Next.csproj : warning NU1902: O pacote 'SixLabors.ImageSharp' 3.1.5 tem uma moderado vulnerabilidade de gravidade conhecida, https://github.com/advisories/GHSA-rxmq-m78w-7wmc
C:\AchadinhoBot2\AchadinhosBot2\AchadinhosBot.Next\Program.cs(10928,27): error CS9005: A interpola├º├úo deve terminar com o mesmo n├║mero de chaves de fechamento que o n├║mero de caracteres ÔÇ£$ÔÇØ com o qual a literal da cadeia de caracteres bruta come├ºou. [C:\AchadinhoBot2\AchadinhosBot2\AchadinhosBot.Next\AchadinhosBot.Next.csproj]
C:\AchadinhoBot2\AchadinhosBot2\AchadinhosBot.Next\Program.cs(10928,29): error CS1525: Termo de express├úo inv├ílido "" [C:\AchadinhoBot2\AchadinhosBot2\AchadinhosBot.Next\AchadinhosBot.Next.csproj]
C:\AchadinhoBot2\AchadinhosBot2\AchadinhosBot.Next\Program.cs(10928,27): error CS1073: Token inesperado '\' [C:\AchadinhoBot2\AchadinhosBot2\AchadinhosBot.Next\AchadinhosBot.Next.csproj]
C:\AchadinhoBot2\AchadinhosBot2\AchadinhosBot.Next\Program.cs(10928,29): error CS1056: Caractere inesperado '\' [C:\AchadinhoBot2\AchadinhosBot2\AchadinhosBot.Next\AchadinhosBot.Next.csproj]
C:\AchadinhoBot2\AchadinhosBot2\AchadinhosBot.Next\Program.cs(11182,1): error CS1002: ; esperado [C:\AchadinhoBot2\AchadinhosBot2\AchadinhosBot.Next\AchadinhosBot.Next.csproj]
C:\AchadinhoBot2\AchadinhosBot2\AchadinhosBot.Next\Program.cs(11182,1): error CS1513: } esperada [C:\AchadinhoBot2\AchadinhosBot2\AchadinhosBot.Next\AchadinhosBot.Next.csproj]
    8 Aviso(s)
    6 Erro(s)

Tempo Decorrido 00:00:01.23
